[learn.microsoft.com/en-us/training/educator-center/programs/msle/index4194.html]
[backblue.gif]
[fade.gif]
[index.html]
[learn.microsoft.com/en-us/media/open-graph-image.png]
[learn.microsoft.com/en-us/training/educator-center/programs/msle/index.html]
[learn.microsoft.com/static/assets/0.4.028676160/styles/site-ltr.css]
[wcpstatic.microsoft.com/mscc/lib/v2/wcp-consent.js]
[js.monitor.azure.com/scripts/c/ms.jsll-4.min.js]
[learn.microsoft.com/static/assets/0.4.028676160/global/deprecation.js]
[learn.microsoft.com/static/assets/0.4.028676160/scripts/en-us/index-docs.js]
[learn.microsoft.com/en-us/training/media/educator-center/educator5_lightaca9.png]
[learn.microsoft.com/en-us/training/media/educator-center/educator5_darkaca9.png]
[learn.microsoft.com/en-us/training/media/msle/msle-hero2.jpg]
[learn.microsoft.com/en-us/training/media/msle/modern-credentials-light.png]
[learn.microsoft.com/en-us/training/media/msle/msle-curriculum.jpg]
[learn.microsoft.com/en-us/training/educator-center/programs/msle/index-tab2.html]
[learn.microsoft.com/en-us/training/media/msle/msle-tsp.jpg]
[learn.microsoft.com/en-us/training/educator-center/programs/msle/index-tab3.html]
[learn.microsoft.com/en-us/training/educator-center/programs/msle/appliedskills.html]
[learn.microsoft.com/en-us/training/media/msle/applied-skill-value1.png]
[learn.microsoft.com/en-us/training/media/msle/applied-skill-value2.png]
[learn.microsoft.com/en-us/training/media/msle/applied-skill-value3.png]
[learn.microsoft.com/en-us/training/educator-center/programs/msle/faq.html]
[learn.microsoft.com/en-us/training/educator-center/programs/msle/index4194.html]
[learn.microsoft.com/en-us/training/educator-center/programs/msle/index.html]
[learn.microsoft.com/en-us/training/educator-center/programs/msle/overview.html]
[learn.microsoft.com/static/assets/0.4.028676160/styles/background-image-pattern-plus.1ce6f23b.svg]
[learn.microsoft.com/static/assets/0.4.028676160/styles/background-image-pattern-pixie-sticks.7e566b22.svg]
[learn.microsoft.com/static/assets/0.4.028676160/styles/docons.242a823.74bdcaf8.eot]
[learn.microsoft.com/static/assets/0.4.028676160/styles/docons.242a823.34a85e0c.woff2]
[learn.microsoft.com/static/assets/0.4.028676160/styles/docons.242a823.317771b6.woff]
[learn.microsoft.com/static/assets/0.4.028676160/styles/site-ltr.css]
[learn.microsoft.com/static/assets/0.4.028676160/styles/docons.242a823.78057533.ttf]
[learn.microsoft.com/en-us/training/media/msle/curriculum-value1.png]
[learn.microsoft.com/en-us/training/media/msle/curriculum-value2.png]
[learn.microsoft.com/en-us/training/media/msle/curriculum-value3.png]
[learn.microsoft.com/en-us/training/educator-center/programs/msle/index-tab2.html]
[learn.microsoft.com/en-us/training/educator-center/programs/msle/aibootcamp.html]
[learn.microsoft.com/en-us/training/media/msle/tsp-value1.png]
[learn.microsoft.com/en-us/training/media/msle/tsp-value2.png]
[learn.microsoft.com/en-us/training/media/msle/tsp-value3.png]
[learn.microsoft.com/en-us/training/educator-center/programs/msle/index-tab3.html]
[learn.microsoft.com/en-us/training/educator-center/programs/msle/appliedskills.html]
[learn.microsoft.com/en-us/training/educator-center/programs/msle/program-instructions.html]
[learn.microsoft.com/en-us/training/educator-center/programs/msle/fundamentals.html]
[learn.microsoft.com/en-us/training/educator-center/programs/msle/faq.html]
[learn.microsoft.com/en-us/training/educator-center/programs/msle/overview.html]
[learn.microsoft.com/static/assets/0.4.028676160/styles/background-image-pattern-plus.1ce6f23b.svg]
[learn.microsoft.com/static/assets/0.4.028676160/styles/background-image-pattern-pixie-sticks.7e566b22.svg]
[learn.microsoft.com/en-us/training/educator-center/programs/msle/advanced-role-based.html]
[learn.microsoft.com/en-us/training/educator-center/programs/msle/aibootcamp.html]
[learn.microsoft.com/en-us/training/educator-center/programs/msle/program-instructions.html]
[learn.microsoft.com/en-us/training/educator-center/programs/msle/fundamentals.html]
[learn.microsoft.com/en-us/training/educator-center/programs/msle/teachingmaterials.html]
[learn.microsoft.com/en-us/training/educator-center/programs/msle/advanced-role-based.html]
[learn.microsoft.com/en-us/training/educator-center/programs/msle/teachingmaterials.html]
